2026-09-28 18:05:37,006 INFO o.a.j.u.JMeterUtils: Setting Locale to en_EN
2026-09-28 18:05:37,021 INFO o.a.j.JMeter: Loading user properties from: /home/runner/jmeter/apache-jmeter-5.6.3/bin/user.properties
2026-09-28 18:05:37,022 INFO o.a.j.JMeter: Loading system properties from: /home/runner/jmeter/apache-jmeter-5.6.3/bin/system.properties
2026-09-28 18:05:37,022 INFO o.a.j.JMeter: Loading additional properties from: /home/runner/work/ecommerce-performance-testing-/ecommerce-performance-testing-/config/jmeter-common.properties
2026-09-28 18:05:37,022 INFO o.a.j.JMeter: Loading additional properties from: /home/runner/work/ecommerce-performance-testing-/ecommerce-performance-testing-/config/report.properties
2026-09-28 18:05:37,022 INFO o.a.j.JMeter: Setting JMeter property: jmeter.reportgenerator.report_title=DummyJSON Shopper Journey: PT-01 smoke - PASS - 2026-09-28 18:04:58 UTC
2026-09-28 18:05:37,027 INFO o.a.j.JMeter: Copyright (c) 1998-2024 The Apache Software Foundation
2026-09-28 18:05:37,027 INFO o.a.j.JMeter: Version 5.6.3
2026-09-28 18:05:37,027 INFO o.a.j.JMeter: java.version=17.0.20.1
2026-09-28 18:05:37,027 INFO o.a.j.JMeter: java.vm.name=OpenJDK 64-Bit Server VM
2026-09-28 18:05:37,027 INFO o.a.j.JMeter: os.name=Linux
2026-09-28 18:05:37,027 INFO o.a.j.JMeter: os.arch=amd64
2026-09-28 18:05:37,027 INFO o.a.j.JMeter: os.version=6.17.0-1022-azure
2026-09-28 18:05:37,027 INFO o.a.j.JMeter: file.encoding=UTF-8
2026-09-28 18:05:37,027 INFO o.a.j.JMeter: java.awt.headless=true
2026-09-28 18:05:37,027 INFO o.a.j.JMeter: Max memory     =1073741824
2026-09-28 18:05:37,028 INFO o.a.j.JMeter: Available Processors =4
2026-09-28 18:05:37,035 INFO o.a.j.JMeter: Default Locale=English (EN)
2026-09-28 18:05:37,035 INFO o.a.j.JMeter: JMeter  Locale=English (EN)
2026-09-28 18:05:37,035 INFO o.a.j.JMeter: JMeterHome=/home/runner/jmeter/apache-jmeter-5.6.3
2026-09-28 18:05:37,035 INFO o.a.j.JMeter: user.dir  =/home/runner/work/ecommerce-performance-testing-/ecommerce-performance-testing-
2026-09-28 18:05:37,035 INFO o.a.j.JMeter: PWD       =/home/runner/work/ecommerce-performance-testing-/ecommerce-performance-testing-
2026-09-28 18:05:37,035 INFO o.a.j.JMeter: IP: 10.1.0.84 Name: runnervmtr4k5 FullName: runnervmtr4k5.s0gbs1hqrspuxpuui22mh2j2ta.gx.internal.cloudapp.net
2026-09-28 18:05:37,042 INFO o.a.j.JMeter: Setting property 'jmeter.reportgenerator.outputdir' to:'/home/runner/work/ecommerce-performance-testing-/ecommerce-performance-testing-/reports/20260928T180456Z-shopper-journey-smoke'
2026-09-28 18:05:37,044 INFO o.a.j.r.d.ReportGenerator: ReportGenerator will use for Parsing the separator: ','
2026-09-28 18:05:37,044 INFO o.a.j.r.d.ReportGenerator: Will only generate report from results file: /home/runner/work/ecommerce-performance-testing-/ecommerce-performance-testing-/results/20260928T180456Z-shopper-journey-smoke/results.jtl
2026-09-28 18:05:37,044 INFO o.a.j.r.d.ReportGenerator: Reading report generator properties from: /home/runner/jmeter/apache-jmeter-5.6.3/bin/reportgenerator.properties
2026-09-28 18:05:37,045 INFO o.a.j.r.d.ReportGenerator: Merging with JMeter properties
2026-09-28 18:05:37,048 INFO o.a.j.r.c.ReportGeneratorConfiguration: Property 'jmeter.reportgenerator.temp_dir' not found, using default value 'temp' instead.
2026-09-28 18:05:37,050 INFO o.a.j.r.c.ReportGeneratorConfiguration: Property 'jmeter.reportgenerator.apdex_per_transaction' not found, using default value 'null' instead.
2026-09-28 18:05:37,055 INFO o.a.j.r.c.ReportGeneratorConfiguration: apdex_per_transaction is empty, not APDEX per transaction customization
2026-09-28 18:05:37,055 INFO o.a.j.r.c.ReportGeneratorConfiguration: Property 'jmeter.reportgenerator.start_date' not found, using default value 'null' instead.
2026-09-28 18:05:37,056 INFO o.a.j.r.c.ReportGeneratorConfiguration: Property 'jmeter.reportgenerator.end_date' not found, using default value 'null' instead.
2026-09-28 18:05:37,056 INFO o.a.j.r.c.ReportGeneratorConfiguration: Property 'jmeter.reportgenerator.date_format' not found, using default value 'null' instead.
2026-09-28 18:05:37,056 INFO o.a.j.r.c.ReportGeneratorConfiguration: Will use date range start date: null, end date: null
2026-09-28 18:05:37,059 INFO o.a.j.r.c.ReportGeneratorConfiguration: Property 'jmeter.reportgenerator.graph.totalTPS.exclude_controllers' not found, using default value 'false' instead.
2026-09-28 18:05:37,059 INFO o.a.j.r.c.ReportGeneratorConfiguration: Property 'jmeter.reportgenerator.graph.activeThreadsOverTime.exclude_controllers' not found, using default value 'false' instead.
2026-09-28 18:05:37,059 INFO o.a.j.r.c.ReportGeneratorConfiguration: Property 'jmeter.reportgenerator.graph.timeVsThreads.exclude_controllers' not found, using default value 'false' instead.
2026-09-28 18:05:37,060 INFO o.a.j.r.c.ReportGeneratorConfiguration: Property 'jmeter.reportgenerator.graph.responseTimeDistribution.exclude_controllers' not found, using default value 'false' instead.
2026-09-28 18:05:37,060 INFO o.a.j.r.c.ReportGeneratorConfiguration: Property 'jmeter.reportgenerator.graph.transactionsPerSecond.exclude_controllers' not found, using default value 'false' instead.
2026-09-28 18:05:37,060 INFO o.a.j.r.c.ReportGeneratorConfiguration: Property 'jmeter.reportgenerator.graph.responseTimePercentiles.exclude_controllers' not found, using default value 'false' instead.
2026-09-28 18:05:37,060 INFO o.a.j.r.c.ReportGeneratorConfiguration: Property 'jmeter.reportgenerator.graph.responseTimePercentilesOverTime.exclude_controllers' not found, using default value 'false' instead.
2026-09-28 18:05:37,060 INFO o.a.j.r.c.ReportGeneratorConfiguration: Property 'jmeter.reportgenerator.graph.responseTimesOverTime.exclude_controllers' not found, using default value 'false' instead.
2026-09-28 18:05:37,060 INFO o.a.j.r.c.ReportGeneratorConfiguration: Property 'jmeter.reportgenerator.graph.connectTimeOverTime.exclude_controllers' not found, using default value 'false' instead.
2026-09-28 18:05:37,060 INFO o.a.j.r.c.ReportGeneratorConfiguration: Property 'jmeter.reportgenerator.graph.latenciesOverTime.exclude_controllers' not found, using default value 'false' instead.
2026-09-28 18:05:37,061 INFO o.a.j.r.c.ReportGeneratorConfiguration: Property 'jmeter.reportgenerator.exporter.json.filters_only_sample_series' not found, using default value 'true' instead.
2026-09-28 18:05:37,061 INFO o.a.j.r.c.ReportGeneratorConfiguration: Property 'jmeter.reportgenerator.exporter.json.series_filter' not found, using default value '' instead.
2026-09-28 18:05:37,061 INFO o.a.j.r.c.ReportGeneratorConfiguration: Property 'jmeter.reportgenerator.exporter.json.show_controllers_only' not found, using default value 'false' instead.
2026-09-28 18:05:37,061 INFO o.a.j.r.c.ReportGeneratorConfiguration: Property 'jmeter.reportgenerator.exporter.html.filters_only_sample_series' not found, using default value 'true' instead.
2026-09-28 18:05:37,061 INFO o.a.j.r.c.ReportGeneratorConfiguration: Property 'jmeter.reportgenerator.exporter.html.series_filter' not found, using default value '' instead.
2026-09-28 18:05:37,061 INFO o.a.j.r.c.ReportGeneratorConfiguration: Property 'jmeter.reportgenerator.exporter.html.show_controllers_only' not found, using default value 'false' instead.
2026-09-28 18:05:37,239 INFO o.a.j.s.SaveService: Testplan (JMX) version: 2.2. Testlog (JTL) version: 2.2
2026-09-28 18:05:37,260 INFO o.a.j.s.SaveService: Using SaveService properties version 5.0
2026-09-28 18:05:37,263 INFO o.a.j.s.SaveService: Using SaveService properties file encoding UTF-8
2026-09-28 18:05:37,285 INFO o.a.j.r.p.NormalizerSampleConsumer: Using format, 'ms', to parse timeStamp field
2026-09-28 18:05:37,329 INFO o.a.j.r.p.AbstractSampleConsumer: class org.apache.jmeter.report.processor.AggregateConsumer#stopProducing(): beginDate produced 0 samples
2026-09-28 18:05:37,329 INFO o.a.j.r.p.AbstractSampleConsumer: class org.apache.jmeter.report.processor.AggregateConsumer#stopProducing(): endDate produced 0 samples
2026-09-28 18:05:37,331 INFO o.a.j.r.p.AbstractSampleConsumer: class org.apache.jmeter.report.processor.ApdexSummaryConsumer#stopProducing(): apdexSummary produced 0 samples
2026-09-28 18:05:37,331 INFO o.a.j.r.p.AbstractSampleConsumer: class org.apache.jmeter.report.processor.RequestsSummaryConsumer#stopProducing(): requestsSummary produced 0 samples
2026-09-28 18:05:37,337 INFO o.a.j.r.p.AbstractSampleConsumer: class org.apache.jmeter.report.processor.StatisticsSummaryConsumer#stopProducing(): statisticsSummary produced 0 samples
2026-09-28 18:05:37,339 INFO o.a.j.r.p.AbstractSampleConsumer: class org.apache.jmeter.report.processor.Top5ErrorsBySamplerConsumer#stopProducing(): top5ErrorsBySampler produced 0 samples
2026-09-28 18:05:37,339 INFO o.a.j.r.p.AbstractSampleConsumer: class org.apache.jmeter.report.processor.ErrorsSummaryConsumer#stopProducing(): errorsSummary produced 0 samples
2026-09-28 18:05:37,340 INFO o.a.j.r.p.AbstractSampleConsumer: class org.apache.jmeter.report.processor.graph.impl.HitsPerSecondGraphConsumer#stopProducing(): hitsPerSecond produced 0 samples
2026-09-28 18:05:37,350 INFO o.a.j.r.p.AbstractSampleConsumer: class org.apache.jmeter.report.processor.graph.impl.LatencyVSRequestGraphConsumer#stopProducing(): latencyVsRequest produced 0 samples
2026-09-28 18:05:37,350 INFO o.a.j.r.p.AbstractSampleConsumer: class org.apache.jmeter.report.processor.graph.impl.SyntheticResponseTimeDistributionGraphConsumer#stopProducing(): syntheticResponseTimeDistribution produced 0 samples
2026-09-28 18:05:37,351 INFO o.a.j.r.p.AbstractSampleConsumer: class org.apache.jmeter.report.processor.graph.impl.BytesThroughputGraphConsumer#stopProducing(): bytesThroughputOverTime produced 0 samples
2026-09-28 18:05:37,351 INFO o.a.j.r.p.AbstractSampleConsumer: class org.apache.jmeter.report.processor.graph.impl.CodesPerSecondGraphConsumer#stopProducing(): codesPerSecond produced 0 samples
2026-09-28 18:05:37,352 INFO o.a.j.r.p.AbstractSampleConsumer: class org.apache.jmeter.report.processor.graph.impl.ResponseTimeVSRequestGraphConsumer#stopProducing(): responseTimeVsRequest produced 0 samples
2026-09-28 18:05:37,352 INFO o.a.j.r.p.AbstractSampleConsumer: class org.apache.jmeter.report.processor.FilterConsumer#stopProducing(): startIntervalControlerFilter produced 70 samples
2026-09-28 18:05:37,353 INFO o.a.j.r.p.AbstractSampleConsumer: class org.apache.jmeter.report.processor.graph.impl.TotalTPSGraphConsumer#stopProducing(): totalTPS produced 0 samples
2026-09-28 18:05:37,353 INFO o.a.j.r.p.AbstractSampleConsumer: class org.apache.jmeter.report.processor.graph.impl.ActiveThreadsGraphConsumer#stopProducing(): activeThreadsOverTime produced 0 samples
2026-09-28 18:05:37,353 INFO o.a.j.r.p.AbstractSampleConsumer: class org.apache.jmeter.report.processor.graph.impl.TimeVSThreadGraphConsumer#stopProducing(): timeVsThreads produced 0 samples
2026-09-28 18:05:37,353 INFO o.a.j.r.p.AbstractSampleConsumer: class org.apache.jmeter.report.processor.graph.impl.ResponseTimeDistributionGraphConsumer#stopProducing(): responseTimeDistribution produced 0 samples
2026-09-28 18:05:37,353 INFO o.a.j.r.p.AbstractSampleConsumer: class org.apache.jmeter.report.processor.graph.impl.TransactionsPerSecondGraphConsumer#stopProducing(): transactionsPerSecond produced 0 samples
2026-09-28 18:05:37,353 INFO o.a.j.r.p.AbstractSampleConsumer: class org.apache.jmeter.report.processor.graph.impl.ResponseTimePercentilesGraphConsumer#stopProducing(): responseTimePercentiles produced 0 samples
2026-09-28 18:05:37,354 INFO o.a.j.r.p.AbstractSampleConsumer: class org.apache.jmeter.report.processor.graph.impl.ResponseTimePercentilesOverTimeGraphConsumer#stopProducing(): responseTimePercentilesOverTime produced 0 samples
2026-09-28 18:05:37,355 INFO o.a.j.r.p.AbstractSampleConsumer: class org.apache.jmeter.report.processor.graph.impl.ResponseTimeOverTimeGraphConsumer#stopProducing(): responseTimesOverTime produced 0 samples
2026-09-28 18:05:37,355 INFO o.a.j.r.p.AbstractSampleConsumer: class org.apache.jmeter.report.processor.graph.impl.ConnectTimeOverTimeGraphConsumer#stopProducing(): connectTimeOverTime produced 0 samples
2026-09-28 18:05:37,355 INFO o.a.j.r.p.AbstractSampleConsumer: class org.apache.jmeter.report.processor.graph.impl.LatencyOverTimeGraphConsumer#stopProducing(): latenciesOverTime produced 0 samples
2026-09-28 18:05:37,355 INFO o.a.j.r.p.AbstractSampleConsumer: class org.apache.jmeter.report.processor.FilterConsumer#stopProducing(): nameFilter produced 150 samples
2026-09-28 18:05:37,355 INFO o.a.j.r.p.AbstractSampleConsumer: class org.apache.jmeter.report.processor.FilterConsumer#stopProducing(): dateRangeFilter produced 30 samples
2026-09-28 18:05:37,355 INFO o.a.j.r.p.AbstractSampleConsumer: class org.apache.jmeter.report.processor.NormalizerSampleConsumer#stopProducing(): normalizer produced 10 samples
2026-09-28 18:05:37,355 INFO o.a.j.r.p.CsvFileSampleSource: produce(): 10 samples produced in 48ms on channel 0
2026-09-28 18:05:37,355 INFO o.a.j.r.d.ReportGenerator: Exporting data using exporter:'json' of className:'org.apache.jmeter.report.dashboard.JsonExporter'
2026-09-28 18:05:37,402 INFO o.a.j.r.d.JsonExporter: Found data for consumer statisticsSummary in context
2026-09-28 18:05:37,403 INFO o.a.j.r.d.JsonExporter: Creating statistics for overall
2026-09-28 18:05:37,403 INFO o.a.j.r.d.JsonExporter: Creating statistics for other transactions
2026-09-28 18:05:37,403 INFO o.a.j.r.d.JsonExporter: Checking output folder
2026-09-28 18:05:37,403 INFO o.a.j.r.d.JsonExporter: Writing statistics JSON to /home/runner/work/ecommerce-performance-testing-/ecommerce-performance-testing-/reports/20260928T180456Z-shopper-journey-smoke/statistics.json
2026-09-28 18:05:37,427 INFO o.a.j.r.d.ReportGenerator: Exporting data using exporter:'html' of className:'org.apache.jmeter.report.dashboard.HtmlTemplateExporter'
2026-09-28 18:05:37,429 INFO o.a.j.r.d.HtmlTemplateExporter: Will generate dashboard in folder: /home/runner/work/ecommerce-performance-testing-/ecommerce-performance-testing-/reports/20260928T180456Z-shopper-journey-smoke
2026-09-28 18:05:37,534 INFO o.a.j.r.d.HtmlTemplateExporter: Report will be generated in: /home/runner/work/ecommerce-performance-testing-/ecommerce-performance-testing-/reports/20260928T180456Z-shopper-journey-smoke, creating folder structure
2026-09-28 18:05:37,536 INFO o.a.j.r.d.TemplateVisitor: Copying folder from '/home/runner/jmeter/apache-jmeter-5.6.3/bin/report-template' to '/home/runner/work/ecommerce-performance-testing-/ecommerce-performance-testing-/reports/20260928T180456Z-shopper-journey-smoke', got message: /home/runner/work/ecommerce-performance-testing-/ecommerce-performance-testing-/reports/20260928T180456Z-shopper-journey-smoke, found non empty folder with following content [/home/runner/work/ecommerce-performance-testing-/ecommerce-performance-testing-/reports/20260928T180456Z-shopper-journey-smoke/statistics.json], will be ignored
